Archive member included because of file (symbol)

c:/program files (x86)/atmel/avr tools/avr toolchain/bin/../lib/gcc/avr/4.5.1/avr5\libgcc.a(_exit.o)
                              c:/program files (x86)/atmel/avr tools/avr toolchain/bin/../lib/gcc/avr/4.5.1/../../../../avr/lib/avr5/crtm32.o (exit)
c:/program files (x86)/atmel/avr tools/avr toolchain/bin/../lib/gcc/avr/4.5.1/avr5\libgcc.a(_copy_data.o)
                              lab5.o (__do_copy_data)
c:/program files (x86)/atmel/avr tools/avr toolchain/bin/../lib/gcc/avr/4.5.1/avr5\libgcc.a(_clear_bss.o)
                              lab5.o (__do_clear_bss)
c:/program files (x86)/atmel/avr tools/avr toolchain/bin/../lib/gcc/avr/4.5.1/../../../../avr/lib/avr5\libc.a(malloc.o)
                              button.o (malloc)
c:/program files (x86)/atmel/avr tools/avr toolchain/bin/../lib/gcc/avr/4.5.1/../../../../avr/lib/avr5\libc.a(iob.o)
                              uart.o (__iob)
c:/program files (x86)/atmel/avr tools/avr toolchain/bin/../lib/gcc/avr/4.5.1/../../../../avr/lib/avr5\libc.a(puts.o)
                              lab5.o (puts)
c:/program files (x86)/atmel/avr tools/avr toolchain/bin/../lib/gcc/avr/4.5.1/avr5\libgcc.a(_epilogue.o)
                              c:/program files (x86)/atmel/avr tools/avr toolchain/bin/../lib/gcc/avr/4.5.1/../../../../avr/lib/avr5\libc.a(puts.o) (__epilogue_restores__)

Allocating common symbols
Common symbol       size              file

redLed              0x2               lab5.o
tasks_remaining_time
                    0x50              task_scheduler.o
tasks               0x2               task_scheduler.o
checkButtonTask     0xb               lab5.o
__brkval            0x2               c:/program files (x86)/atmel/avr tools/avr toolchain/bin/../lib/gcc/avr/4.5.1/../../../../avr/lib/avr5\libc.a(malloc.o)
button              0x2               lab5.o
toggleRedLedTask    0xb               lab5.o
toggleBlueLedTask   0xb               lab5.o
blueLed             0x2               lab5.o
__flp               0x2               c:/program files (x86)/atmel/avr tools/avr toolchain/bin/../lib/gcc/avr/4.5.1/../../../../avr/lib/avr5\libc.a(malloc.o)
__iob               0x6               c:/program files (x86)/atmel/avr tools/avr toolchain/bin/../lib/gcc/avr/4.5.1/../../../../avr/lib/avr5\libc.a(iob.o)

Memory Configuration

Name             Origin             Length             Attributes
text             0x00000000         0x00020000         xr
data             0x00800060         0x0000ffa0         rw !x
eeprom           0x00810000         0x00010000         rw !x
fuse             0x00820000         0x00000400         rw !x
lock             0x00830000         0x00000400         rw !x
signature        0x00840000         0x00000400         rw !x
*default*        0x00000000         0xffffffff

Linker script and memory map

LOAD c:/program files (x86)/atmel/avr tools/avr toolchain/bin/../lib/gcc/avr/4.5.1/../../../../avr/lib/avr5/crtm32.o
LOAD lab5.o
LOAD button.o
LOAD led.o
LOAD task_scheduler.o
LOAD uart.o
LOAD utils.o
LOAD gpio.o
LOAD c:/program files (x86)/atmel/avr tools/avr toolchain/bin/../lib/gcc/avr/4.5.1/avr5\libgcc.a
LOAD c:/program files (x86)/atmel/avr tools/avr toolchain/bin/../lib/gcc/avr/4.5.1/../../../../avr/lib/avr5\libc.a
LOAD c:/program files (x86)/atmel/avr tools/avr toolchain/bin/../lib/gcc/avr/4.5.1/avr5\libgcc.a

.hash
 *(.hash)

.dynsym
 *(.dynsym)

.dynstr
 *(.dynstr)

.gnu.version
 *(.gnu.version)

.gnu.version_d
 *(.gnu.version_d)

.gnu.version_r
 *(.gnu.version_r)

.rel.init
 *(.rel.init)

.rela.init
 *(.rela.init)

.rel.text
 *(.rel.text)
 *(.rel.text.*)
 *(.rel.gnu.linkonce.t*)

.rela.text
 *(.rela.text)
 *(.rela.text.*)
 *(.rela.gnu.linkonce.t*)

.rel.fini
 *(.rel.fini)

.rela.fini
 *(.rela.fini)

.rel.rodata
 *(.rel.rodata)
 *(.rel.rodata.*)
 *(.rel.gnu.linkonce.r*)

.rela.rodata
 *(.rela.rodata)
 *(.rela.rodata.*)
 *(.rela.gnu.linkonce.r*)

.rel.data
 *(.rel.data)
 *(.rel.data.*)
 *(.rel.gnu.linkonce.d*)

.rela.data
 *(.rela.data)
 *(.rela.data.*)
 *(.rela.gnu.linkonce.d*)

.rel.ctors
 *(.rel.ctors)

.rela.ctors
 *(.rela.ctors)

.rel.dtors
 *(.rel.dtors)

.rela.dtors
 *(.rela.dtors)

.rel.got
 *(.rel.got)

.rela.got
 *(.rela.got)

.rel.bss
 *(.rel.bss)

.rela.bss
 *(.rela.bss)

.rel.plt
 *(.rel.plt)

.rela.plt
 *(.rela.plt)

.text           0x00000000      0x91c
 *(.vectors)
 .vectors       0x00000000       0x54 c:/program files (x86)/atmel/avr tools/avr toolchain/bin/../lib/gcc/avr/4.5.1/../../../../avr/lib/avr5/crtm32.o
                0x00000000                __vector_default
                0x00000000                __vectors
 *(.vectors)
 *(.progmem.gcc*)
 *(.progmem*)
                0x00000054                . = ALIGN (0x2)
                0x00000054                __trampolines_start = .
 *(.trampolines)
 .trampolines   0x00000054        0x0 linker stubs
 *(.trampolines*)
                0x00000054                __trampolines_end = .
 *(.jumptables)
 *(.jumptables*)
 *(.lowtext)
 *(.lowtext*)
                0x00000054                __ctors_start = .
 *(.ctors)
                0x00000054                __ctors_end = .
                0x00000054                __dtors_start = .
 *(.dtors)
                0x00000054                __dtors_end = .
 SORT(*)(.ctors)
 SORT(*)(.dtors)
 *(.init0)
 .init0         0x00000054        0x0 c:/program files (x86)/atmel/avr tools/avr toolchain/bin/../lib/gcc/avr/4.5.1/../../../../avr/lib/avr5/crtm32.o
                0x00000054                __init
 *(.init0)
 *(.init1)
 *(.init1)
 *(.init2)
 .init2         0x00000054        0xc c:/program files (x86)/atmel/avr tools/avr toolchain/bin/../lib/gcc/avr/4.5.1/../../../../avr/lib/avr5/crtm32.o
 *(.init2)
 *(.init3)
 *(.init3)
 *(.init4)
 .init4         0x00000060       0x16 c:/program files (x86)/atmel/avr tools/avr toolchain/bin/../lib/gcc/avr/4.5.1/avr5\libgcc.a(_copy_data.o)
                0x00000060                __do_copy_data
 .init4         0x00000076       0x10 c:/program files (x86)/atmel/avr tools/avr toolchain/bin/../lib/gcc/avr/4.5.1/avr5\libgcc.a(_clear_bss.o)
                0x00000076                __do_clear_bss
 *(.init4)
 *(.init5)
 *(.init5)
 *(.init6)
 *(.init6)
 *(.init7)
 *(.init7)
 *(.init8)
 *(.init8)
 *(.init9)
 .init9         0x00000086        0x8 c:/program files (x86)/atmel/avr tools/avr toolchain/bin/../lib/gcc/avr/4.5.1/../../../../avr/lib/avr5/crtm32.o
 *(.init9)
 *(.text)
 .text          0x0000008e        0x4 c:/program files (x86)/atmel/avr tools/avr toolchain/bin/../lib/gcc/avr/4.5.1/../../../../avr/lib/avr5/crtm32.o
                0x0000008e                __vector_1
                0x0000008e                __vector_12
                0x0000008e                __bad_interrupt
                0x0000008e                __vector_6
                0x0000008e                __vector_3
                0x0000008e                __vector_11
                0x0000008e                __vector_13
                0x0000008e                __vector_17
                0x0000008e                __vector_19
                0x0000008e                __vector_5
                0x0000008e                __vector_4
                0x0000008e                __vector_9
                0x0000008e                __vector_2
                0x0000008e                __vector_15
                0x0000008e                __vector_8
                0x0000008e                __vector_14
                0x0000008e                __vector_10
                0x0000008e                __vector_16
                0x0000008e                __vector_18
                0x0000008e                __vector_20
 .text          0x00000092      0x194 lab5.o
                0x00000092                check_button
                0x000000c6                toggle_blue_led
                0x000000e0                toggle_red_led
                0x000000fa                init
                0x00000200                main
 .text          0x00000226       0x64 button.o
                0x00000226                BUTTON_init
                0x00000234                BUTTON_create
                0x00000276                BUTTON_pressed
 .text          0x0000028a       0x6c led.o
                0x0000028a                LED_init
                0x00000298                LED_create
                0x000002da                LED_on
                0x000002e8                LED_off
 .text          0x000002f6      0x1a4 task_scheduler.o
                0x000002f6                TASK_SCHEDULER_start
                0x00000334                TASK_SCHEDULER_add
                0x00000388                __vector_7
 .text          0x0000049a       0x4a uart.o
                0x0000049a                UART_write
                0x000004b6                UART_read
                0x000004be                UART_init
 .text          0x000004e4       0x78 utils.o
                0x000004e4                bit_set_1
                0x000004fc                bit_set_0
                0x00000516                bit_is_1
                0x0000052c                bit_is_0
                0x00000544                bit_toggle
 .text          0x0000055c       0xb6 gpio.o
                0x0000055c                GPIO_create
                0x000005a8                GPIO_set_mode
                0x000005d6                GPIO_write
                0x000005f0                GPIO_read
 .text          0x00000612        0x0 c:/program files (x86)/atmel/avr tools/avr toolchain/bin/../lib/gcc/avr/4.5.1/avr5\libgcc.a(_exit.o)
 .text          0x00000612        0x0 c:/program files (x86)/atmel/avr tools/avr toolchain/bin/../lib/gcc/avr/4.5.1/avr5\libgcc.a(_copy_data.o)
 .text          0x00000612        0x0 c:/program files (x86)/atmel/avr tools/avr toolchain/bin/../lib/gcc/avr/4.5.1/avr5\libgcc.a(_clear_bss.o)
 .text          0x00000612        0x0 c:/program files (x86)/atmel/avr tools/avr toolchain/bin/../lib/gcc/avr/4.5.1/../../../../avr/lib/avr5\libc.a(malloc.o)
 .text          0x00000612        0x0 c:/program files (x86)/atmel/avr tools/avr toolchain/bin/../lib/gcc/avr/4.5.1/../../../../avr/lib/avr5\libc.a(iob.o)
 .text          0x00000612        0x0 c:/program files (x86)/atmel/avr tools/avr toolchain/bin/../lib/gcc/avr/4.5.1/../../../../avr/lib/avr5\libc.a(puts.o)
 .text          0x00000612        0x0 c:/program files (x86)/atmel/avr tools/avr toolchain/bin/../lib/gcc/avr/4.5.1/avr5\libgcc.a(_epilogue.o)
                0x00000612                . = ALIGN (0x2)
 *(.text.*)
 .text.libgcc   0x00000612        0x0 c:/program files (x86)/atmel/avr tools/avr toolchain/bin/../lib/gcc/avr/4.5.1/avr5\libgcc.a(_exit.o)
 .text.libgcc   0x00000612        0x0 c:/program files (x86)/atmel/avr tools/avr toolchain/bin/../lib/gcc/avr/4.5.1/avr5\libgcc.a(_copy_data.o)
 .text.libgcc   0x00000612        0x0 c:/program files (x86)/atmel/avr tools/avr toolchain/bin/../lib/gcc/avr/4.5.1/avr5\libgcc.a(_clear_bss.o)
 .text.avr-libc
                0x00000612      0x266 c:/program files (x86)/atmel/avr tools/avr toolchain/bin/../lib/gcc/avr/4.5.1/../../../../avr/lib/avr5\libc.a(malloc.o)
                0x00000612                malloc
                0x00000746                free
 .text.avr-libc
                0x00000878       0x6a c:/program files (x86)/atmel/avr tools/avr toolchain/bin/../lib/gcc/avr/4.5.1/../../../../avr/lib/avr5\libc.a(puts.o)
                0x00000878                puts
 .text.libgcc   0x000008e2       0x36 c:/program files (x86)/atmel/avr tools/avr toolchain/bin/../lib/gcc/avr/4.5.1/avr5\libgcc.a(_epilogue.o)
                0x000008e2                __epilogue_restores__
                0x00000918                . = ALIGN (0x2)
 *(.fini9)
 .fini9         0x00000918        0x0 c:/program files (x86)/atmel/avr tools/avr toolchain/bin/../lib/gcc/avr/4.5.1/avr5\libgcc.a(_exit.o)
                0x00000918                _exit
                0x00000918                exit
 *(.fini9)
 *(.fini8)
 *(.fini8)
 *(.fini7)
 *(.fini7)
 *(.fini6)
 *(.fini6)
 *(.fini5)
 *(.fini5)
 *(.fini4)
 *(.fini4)
 *(.fini3)
 *(.fini3)
 *(.fini2)
 *(.fini2)
 *(.fini1)
 *(.fini1)
 *(.fini0)
 .fini0         0x00000918        0x4 c:/program files (x86)/atmel/avr tools/avr toolchain/bin/../lib/gcc/avr/4.5.1/avr5\libgcc.a(_exit.o)
 *(.fini0)
                0x0000091c                _etext = .

.data           0x00800060       0x42 load address 0x0000091c
                0x00800060                PROVIDE (__data_start, .)
 *(.data)
 .data          0x00800060        0x0 c:/program files (x86)/atmel/avr tools/avr toolchain/bin/../lib/gcc/avr/4.5.1/../../../../avr/lib/avr5/crtm32.o
 .data          0x00800060       0x1f lab5.o
 .data          0x0080007f        0x0 button.o
 .data          0x0080007f        0x0 led.o
 .data          0x0080007f        0x0 task_scheduler.o
 .data          0x0080007f       0x1c uart.o
                0x0080007f                uart_output
                0x0080008d                uart_input
 .data          0x0080009b        0x0 utils.o
 .data          0x0080009b        0x0 gpio.o
 .data          0x0080009b        0x0 c:/program files (x86)/atmel/avr tools/avr toolchain/bin/../lib/gcc/avr/4.5.1/avr5\libgcc.a(_exit.o)
 .data          0x0080009b        0x0 c:/program files (x86)/atmel/avr tools/avr toolchain/bin/../lib/gcc/avr/4.5.1/avr5\libgcc.a(_copy_data.o)
 .data          0x0080009b        0x0 c:/program files (x86)/atmel/avr tools/avr toolchain/bin/../lib/gcc/avr/4.5.1/avr5\libgcc.a(_clear_bss.o)
 .data          0x0080009b        0x6 c:/program files (x86)/atmel/avr tools/avr toolchain/bin/../lib/gcc/avr/4.5.1/../../../../avr/lib/avr5\libc.a(malloc.o)
                0x0080009b                __malloc_margin
                0x0080009d                __malloc_heap_start
                0x0080009f                __malloc_heap_end
 .data          0x008000a1        0x0 c:/program files (x86)/atmel/avr tools/avr toolchain/bin/../lib/gcc/avr/4.5.1/../../../../avr/lib/avr5\libc.a(iob.o)
 .data          0x008000a1        0x0 c:/program files (x86)/atmel/avr tools/avr toolchain/bin/../lib/gcc/avr/4.5.1/../../../../avr/lib/avr5\libc.a(puts.o)
 .data          0x008000a1        0x0 c:/program files (x86)/atmel/avr tools/avr toolchain/bin/../lib/gcc/avr/4.5.1/avr5\libgcc.a(_epilogue.o)
 *(.data*)
 *(.rodata)
 *(.rodata*)
 *(.gnu.linkonce.d*)
                0x008000a2                . = ALIGN (0x2)
 *fill*         0x008000a1        0x1 00
                0x008000a2                _edata = .
                0x008000a2                PROVIDE (__data_end, .)

.bss            0x008000a2       0x86
                0x008000a2                PROVIDE (__bss_start, .)
 *(.bss)
 .bss           0x008000a2        0x0 c:/program files (x86)/atmel/avr tools/avr toolchain/bin/../lib/gcc/avr/4.5.1/../../../../avr/lib/avr5/crtm32.o
 .bss           0x008000a2        0x2 lab5.o
                0x008000a2                val
 .bss           0x008000a4        0x0 button.o
 .bss           0x008000a4        0x0 led.o
 .bss           0x008000a4        0x1 task_scheduler.o
                0x008000a4                tasks_count
 .bss           0x008000a5        0x0 uart.o
 .bss           0x008000a5        0x0 utils.o
 .bss           0x008000a5        0x0 gpio.o
 .bss           0x008000a5        0x0 c:/program files (x86)/atmel/avr tools/avr toolchain/bin/../lib/gcc/avr/4.5.1/avr5\libgcc.a(_exit.o)
 .bss           0x008000a5        0x0 c:/program files (x86)/atmel/avr tools/avr toolchain/bin/../lib/gcc/avr/4.5.1/avr5\libgcc.a(_copy_data.o)
 .bss           0x008000a5        0x0 c:/program files (x86)/atmel/avr tools/avr toolchain/bin/../lib/gcc/avr/4.5.1/avr5\libgcc.a(_clear_bss.o)
 .bss           0x008000a5        0x0 c:/program files (x86)/atmel/avr tools/avr toolchain/bin/../lib/gcc/avr/4.5.1/../../../../avr/lib/avr5\libc.a(malloc.o)
 .bss           0x008000a5        0x0 c:/program files (x86)/atmel/avr tools/avr toolchain/bin/../lib/gcc/avr/4.5.1/../../../../avr/lib/avr5\libc.a(iob.o)
 .bss           0x008000a5        0x0 c:/program files (x86)/atmel/avr tools/avr toolchain/bin/../lib/gcc/avr/4.5.1/../../../../avr/lib/avr5\libc.a(puts.o)
 .bss           0x008000a5        0x0 c:/program files (x86)/atmel/avr tools/avr toolchain/bin/../lib/gcc/avr/4.5.1/avr5\libgcc.a(_epilogue.o)
 *(.bss*)
 *(COMMON)
 COMMON         0x008000a5       0x27 lab5.o
                0x008000a5                redLed
                0x008000a7                checkButtonTask
                0x008000b2                button
                0x008000b4                toggleRedLedTask
                0x008000bf                toggleBlueLedTask
                0x008000ca                blueLed
 COMMON         0x008000cc       0x52 task_scheduler.o
                0x008000cc                tasks_remaining_time
                0x0080011c                tasks
 COMMON         0x0080011e        0x4 c:/program files (x86)/atmel/avr tools/avr toolchain/bin/../lib/gcc/avr/4.5.1/../../../../avr/lib/avr5\libc.a(malloc.o)
                0x0080011e                __brkval
                0x00800120                __flp
 COMMON         0x00800122        0x6 c:/program files (x86)/atmel/avr tools/avr toolchain/bin/../lib/gcc/avr/4.5.1/../../../../avr/lib/avr5\libc.a(iob.o)
                0x00800122                __iob
                0x00800128                PROVIDE (__bss_end, .)
                0x0000091c                __data_load_start = LOADADDR (.data)
                0x0000095e                __data_load_end = (__data_load_start + SIZEOF (.data))

.noinit         0x00800128        0x0
                0x00800128                PROVIDE (__noinit_start, .)
 *(.noinit*)
                0x00800128                PROVIDE (__noinit_end, .)
                0x00800128                _end = .
                0x00800128                PROVIDE (__heap_start, .)

.eeprom         0x00810000        0x0
 *(.eeprom*)
                0x00810000                __eeprom_end = .

.fuse
 *(.fuse)
 *(.lfuse)
 *(.hfuse)
 *(.efuse)

.lock
 *(.lock*)

.signature
 *(.signature*)

.stab           0x00000000      0x6cc
 *(.stab)
 .stab          0x00000000      0x6cc c:/program files (x86)/atmel/avr tools/avr toolchain/bin/../lib/gcc/avr/4.5.1/../../../../avr/lib/avr5/crtm32.o

.stabstr        0x00000000       0x85
 *(.stabstr)
 .stabstr       0x00000000       0x85 c:/program files (x86)/atmel/avr tools/avr toolchain/bin/../lib/gcc/avr/4.5.1/../../../../avr/lib/avr5/crtm32.o

.stab.excl
 *(.stab.excl)

.stab.exclstr
 *(.stab.exclstr)

.stab.index
 *(.stab.index)

.stab.indexstr
 *(.stab.indexstr)

.comment
 *(.comment)

.debug
 *(.debug)

.line
 *(.line)

.debug_srcinfo
 *(.debug_srcinfo)

.debug_sfnames
 *(.debug_sfnames)

.debug_aranges  0x00000000      0x128
 *(.debug_aranges)
 .debug_aranges
                0x00000000       0x20 lab5.o
 .debug_aranges
                0x00000020       0x20 button.o
 .debug_aranges
                0x00000040       0x20 led.o
 .debug_aranges
                0x00000060       0x20 task_scheduler.o
 .debug_aranges
                0x00000080       0x20 uart.o
 .debug_aranges
                0x000000a0       0x20 utils.o
 .debug_aranges
                0x000000c0       0x20 gpio.o
 .debug_aranges
                0x000000e0       0x28 c:/program files (x86)/atmel/avr tools/avr toolchain/bin/../lib/gcc/avr/4.5.1/../../../../avr/lib/avr5\libc.a(malloc.o)
 .debug_aranges
                0x00000108       0x20 c:/program files (x86)/atmel/avr tools/avr toolchain/bin/../lib/gcc/avr/4.5.1/../../../../avr/lib/avr5\libc.a(puts.o)

.debug_pubnames
                0x00000000      0x38f
 *(.debug_pubnames)
 .debug_pubnames
                0x00000000       0xc5 lab5.o
 .debug_pubnames
                0x000000c5       0x47 button.o
 .debug_pubnames
                0x0000010c       0x45 led.o
 .debug_pubnames
                0x00000151       0x84 task_scheduler.o
 .debug_pubnames
                0x000001d5       0x5c uart.o
 .debug_pubnames
                0x00000231       0x57 utils.o
 .debug_pubnames
                0x00000288       0x51 gpio.o
 .debug_pubnames
                0x000002d9       0x7f c:/program files (x86)/atmel/avr tools/avr toolchain/bin/../lib/gcc/avr/4.5.1/../../../../avr/lib/avr5\libc.a(malloc.o)
 .debug_pubnames
                0x00000358       0x1c c:/program files (x86)/atmel/avr tools/avr toolchain/bin/../lib/gcc/avr/4.5.1/../../../../avr/lib/avr5\libc.a(iob.o)
 .debug_pubnames
                0x00000374       0x1b c:/program files (x86)/atmel/avr tools/avr toolchain/bin/../lib/gcc/avr/4.5.1/../../../../avr/lib/avr5\libc.a(puts.o)

.debug_info     0x00000000     0x1360
 *(.debug_info)
 .debug_info    0x00000000      0x2c4 lab5.o
 .debug_info    0x000002c4      0x1a7 button.o
 .debug_info    0x0000046b      0x1da led.o
 .debug_info    0x00000645      0x1dd task_scheduler.o
 .debug_info    0x00000822      0x1fd uart.o
 .debug_info    0x00000a1f      0x191 utils.o
 .debug_info    0x00000bb0      0x220 gpio.o
 .debug_info    0x00000dd0      0x296 c:/program files (x86)/atmel/avr tools/avr toolchain/bin/../lib/gcc/avr/4.5.1/../../../../avr/lib/avr5\libc.a(malloc.o)
 .debug_info    0x00001066      0x14f c:/program files (x86)/atmel/avr tools/avr toolchain/bin/../lib/gcc/avr/4.5.1/../../../../avr/lib/avr5\libc.a(iob.o)
 .debug_info    0x000011b5      0x1ab c:/program files (x86)/atmel/avr tools/avr toolchain/bin/../lib/gcc/avr/4.5.1/../../../../avr/lib/avr5\libc.a(puts.o)
 *(.gnu.linkonce.wi.*)

.debug_abbrev   0x00000000      0x992
 *(.debug_abbrev)
 .debug_abbrev  0x00000000       0xf7 lab5.o
 .debug_abbrev  0x000000f7       0xda button.o
 .debug_abbrev  0x000001d1      0x10b led.o
 .debug_abbrev  0x000002dc       0xfe task_scheduler.o
 .debug_abbrev  0x000003da      0x146 uart.o
 .debug_abbrev  0x00000520       0xaa utils.o
 .debug_abbrev  0x000005ca      0x10d gpio.o
 .debug_abbrev  0x000006d7       0xf5 c:/program files (x86)/atmel/avr tools/avr toolchain/bin/../lib/gcc/avr/4.5.1/../../../../avr/lib/avr5\libc.a(malloc.o)
 .debug_abbrev  0x000007cc       0xc5 c:/program files (x86)/atmel/avr tools/avr toolchain/bin/../lib/gcc/avr/4.5.1/../../../../avr/lib/avr5\libc.a(iob.o)
 .debug_abbrev  0x00000891      0x101 c:/program files (x86)/atmel/avr tools/avr toolchain/bin/../lib/gcc/avr/4.5.1/../../../../avr/lib/avr5\libc.a(puts.o)

.debug_line     0x00000000     0x103f
 *(.debug_line)
 .debug_line    0x00000000      0x218 lab5.o
 .debug_line    0x00000218      0x12d button.o
 .debug_line    0x00000345      0x13f led.o
 .debug_line    0x00000484      0x1d3 task_scheduler.o
 .debug_line    0x00000657      0x152 uart.o
 .debug_line    0x000007a9      0x136 utils.o
 .debug_line    0x000008df      0x16f gpio.o
 .debug_line    0x00000a4e      0x3c8 c:/program files (x86)/atmel/avr tools/avr toolchain/bin/../lib/gcc/avr/4.5.1/../../../../avr/lib/avr5\libc.a(malloc.o)
 .debug_line    0x00000e16       0xeb c:/program files (x86)/atmel/avr tools/avr toolchain/bin/../lib/gcc/avr/4.5.1/../../../../avr/lib/avr5\libc.a(iob.o)
 .debug_line    0x00000f01      0x13e c:/program files (x86)/atmel/avr tools/avr toolchain/bin/../lib/gcc/avr/4.5.1/../../../../avr/lib/avr5\libc.a(puts.o)

.debug_frame    0x00000000      0x270
 *(.debug_frame)
 .debug_frame   0x00000000       0x60 lab5.o
 .debug_frame   0x00000060       0x40 button.o
 .debug_frame   0x000000a0       0x50 led.o
 .debug_frame   0x000000f0       0x40 task_scheduler.o
 .debug_frame   0x00000130       0x40 uart.o
 .debug_frame   0x00000170       0x60 utils.o
 .debug_frame   0x000001d0       0x50 gpio.o
 .debug_frame   0x00000220       0x30 c:/program files (x86)/atmel/avr tools/avr toolchain/bin/../lib/gcc/avr/4.5.1/../../../../avr/lib/avr5\libc.a(malloc.o)
 .debug_frame   0x00000250       0x20 c:/program files (x86)/atmel/avr tools/avr toolchain/bin/../lib/gcc/avr/4.5.1/../../../../avr/lib/avr5\libc.a(puts.o)

.debug_str      0x00000000      0x4fb
 *(.debug_str)
 .debug_str     0x00000000      0x147 lab5.o
                                0x191 (size before relaxing)
 .debug_str     0x00000147       0x67 button.o
                                0x149 (size before relaxing)
 .debug_str     0x000001ae       0x4a led.o
                                0x14b (size before relaxing)
 .debug_str     0x000001f8       0x87 task_scheduler.o
                                0x176 (size before relaxing)
 .debug_str     0x0000027f       0x6b uart.o
                                0x12a (size before relaxing)
 .debug_str     0x000002ea       0x3c utils.o
                                 0xfd (size before relaxing)
 .debug_str     0x00000326       0x4a gpio.o
                                0x15c (size before relaxing)
 .debug_str     0x00000370       0xe9 c:/program files (x86)/atmel/avr tools/avr toolchain/bin/../lib/gcc/avr/4.5.1/../../../../avr/lib/avr5\libc.a(malloc.o)
                                0x16a (size before relaxing)
 .debug_str     0x00000459       0x4e c:/program files (x86)/atmel/avr tools/avr toolchain/bin/../lib/gcc/avr/4.5.1/../../../../avr/lib/avr5\libc.a(iob.o)
                                 0xf2 (size before relaxing)
 .debug_str     0x000004a7       0x54 c:/program files (x86)/atmel/avr tools/avr toolchain/bin/../lib/gcc/avr/4.5.1/../../../../avr/lib/avr5\libc.a(puts.o)
                                 0xf8 (size before relaxing)

.debug_loc      0x00000000      0x91f
 *(.debug_loc)
 .debug_loc     0x00000000       0x90 button.o
 .debug_loc     0x00000090       0xb8 led.o
 .debug_loc     0x00000148       0x8a task_scheduler.o
 .debug_loc     0x000001d2       0x42 uart.o
 .debug_loc     0x00000214       0xc8 utils.o
 .debug_loc     0x000002dc      0x173 gpio.o
 .debug_loc     0x0000044f      0x429 c:/program files (x86)/atmel/avr tools/avr toolchain/bin/../lib/gcc/avr/4.5.1/../../../../avr/lib/avr5\libc.a(malloc.o)
 .debug_loc     0x00000878       0xa7 c:/program files (x86)/atmel/avr tools/avr toolchain/bin/../lib/gcc/avr/4.5.1/../../../../avr/lib/avr5\libc.a(puts.o)

.debug_macinfo
 *(.debug_macinfo)
OUTPUT(lab5.elf elf32-avr)
LOAD linker stubs

.debug_pubtypes
                0x00000000      0x2c3
 .debug_pubtypes
                0x00000000       0x75 lab5.o
 .debug_pubtypes
                0x00000075       0x54 button.o
 .debug_pubtypes
                0x000000c9       0x5d led.o
 .debug_pubtypes
                0x00000126       0x56 task_scheduler.o
 .debug_pubtypes
                0x0000017c       0x29 uart.o
 .debug_pubtypes
                0x000001a5       0x29 utils.o
 .debug_pubtypes
                0x000001ce       0x6a gpio.o
 .debug_pubtypes
                0x00000238       0x39 c:/program files (x86)/atmel/avr tools/avr toolchain/bin/../lib/gcc/avr/4.5.1/../../../../avr/lib/avr5\libc.a(malloc.o)
 .debug_pubtypes
                0x00000271       0x29 c:/program files (x86)/atmel/avr tools/avr toolchain/bin/../lib/gcc/avr/4.5.1/../../../../avr/lib/avr5\libc.a(iob.o)
 .debug_pubtypes
                0x0000029a       0x29 c:/program files (x86)/atmel/avr tools/avr toolchain/bin/../lib/gcc/avr/4.5.1/../../../../avr/lib/avr5\libc.a(puts.o)

.debug_ranges   0x00000000       0x28
 .debug_ranges  0x00000000       0x18 c:/program files (x86)/atmel/avr tools/avr toolchain/bin/../lib/gcc/avr/4.5.1/../../../../avr/lib/avr5\libc.a(malloc.o)
 .debug_ranges  0x00000018       0x10 c:/program files (x86)/atmel/avr tools/avr toolchain/bin/../lib/gcc/avr/4.5.1/../../../../avr/lib/avr5\libc.a(puts.o)
